// Jest Snapshot v1, https://goo.gl/fbAQLP

exports[`<QuizzesContainer /> should match snapshot 1`] = `
.c1 {
  display: grid;
  grid-template-columns: 1fr 1fr;
  gap: 4rem;
  margin-top: 2.5rem;
}

.c2 {
  overflow: hidden;
  border: 0.1rem solid #BEBAB3;
  border-radius: 0.8rem;
  -webkit-filter: drop-shadow(0px 4px 4px rgba(0,0,0,0.25));
  filter: drop-shadow(0px 4px 4px rgba(0,0,0,0.25));
  width: 55.2rem;
  height: -webkit-fit-content;
  height: -moz-fit-content;
  height: fit-content;
  background-color: #FFFFFF;
}

.c2:hover {
  cursor: pointer;
}

.c3 {
  position: relative;
  width: 100%;
  height: 19.4rem;
  background-image: url(https://sujeitoprogramador.com/wp-content/uploads/2020/12/uiDesign-1.png);
  background-position: center;
  background-repeat: no-repeat;
  background-size: cover;
}

.c8 {
  position: relative;
  width: 100%;
  height: 19.4rem;
  background-image: url(https://www.hostinger.com.br/tutoriais/wp-content/uploads/sites/12/2018/07/Como-inserir-imagem-ou-logo-usando-HTML-no-seu-site-1.png);
  background-position: center;
  background-repeat: no-repeat;
  background-size: cover;
}

.c9 {
  position: relative;
  width: 100%;
  height: 19.4rem;
  background-image: url(https://marquesfernandes.com/wp-content/uploads/2020/04/florian-olivo-4hbJ-eymZ1o-unsplash.jpg);
  background-position: center;
  background-repeat: no-repeat;
  background-size: cover;
}

.c5 {
  width: 100%;
  padding: 1.6rem 1.6rem 0.8rem 1.6rem;
  display: -webkit-box;
  display: -webkit-flex;
  display: -ms-flexbox;
  display: flex;
  -webkit-flex-direction: column;
  -ms-flex-direction: column;
  flex-direction: column;
  -webkit-align-items: flex-start;
  -webkit-box-align: flex-start;
  -ms-flex-align: flex-start;
  align-items: flex-start;
  gap: 0.4rem;
}

.c4 {
  position: absolute;
  bottom: 0.8rem;
  right: 1.6rem;
  padding: 0.4rem 1.6rem;
  border-radius: 1.2rem;
  color: #F2F2F2;
  background-color: #65AAEA;
  text-transform: uppercase;
  font-size: 1.4rem;
  font-weight: 500;
  line-height: 1.6rem;
}

.c10 {
  position: absolute;
  bottom: 0.8rem;
  right: 1.6rem;
  padding: 0.4rem 1.6rem;
  border-radius: 1.2rem;
  color: #F2F2F2;
  background-color: #EF4949;
  text-transform: uppercase;
  font-size: 1.4rem;
  font-weight: 500;
  line-height: 1.6rem;
}

.c7 {
  font-size: 1.4rem;
  font-weight: 400;
  color: #3C3A36;
  text-align: center;
  line-height: 2.1rem;
}

.c0 {
  color: #3C3A36;
  font-size: 2rem;
  font-weight: 500;
  line-height: 26px;
}

.c6 {
  color: #3C3A36;
  font-size: 2.4rem;
  font-weight: 500;
  line-height: normal;
}

@media (max-width:1200px) {
  .c1 {
    gap: 2rem;
  }
}

@media (max-width:974px) {
  .c1 {
    grid-template-columns: 1fr;
    gap: 4rem;
  }
}

@media (max-width:785px) {
  .c1 {
    margin-top: 5rem;
    margin-bottom: 5rem;
  }
}

@media (max-width:1200px) {
  .c2 {
    width: 45rem;
  }
}

@media (max-width:974px) {
  .c2 {
    width: 55.2rem;
  }
}

@media (max-width:575px) {
  .c2 {
    width: 90vw;
  }

  .c2 p {
    text-align: start;
  }
}

<div>
  <h2
    class="c0"
    font-size="xSmall"
    font-weight="normal"
  >
     Resultados
  </h2>
  <div
    class="c1"
  >
    <div
      class="c2"
    >
      <div
        class="c3"
      >
        <span
          class="c4"
        >
          easy
        </span>
      </div>
      <div
        class="c5"
      >
        <h3
          class="c6"
          font-size="small"
          font-weight="normal"
        >
          UI
        </h3>
        <p
          class="c7"
          color="dark"
          font-size="medium"
          font-weight="light"
        >
          Um quiz sobre UI que vai mudar sua vida!
        </p>
      </div>
    </div>
    <div
      class="c2"
    >
      <div
        class="c8"
      >
        <span
          class="c4"
        >
          easy
        </span>
      </div>
      <div
        class="c5"
      >
        <h3
          class="c6"
          font-size="small"
          font-weight="normal"
        >
          Conceitos básicos de HTML
        </h3>
        <p
          class="c7"
          color="dark"
          font-size="medium"
          font-weight="light"
        >
          Um quiz sobre HTML que vai mudar sua vida!
        </p>
      </div>
    </div>
    <div
      class="c2"
    >
      <div
        class="c9"
      >
        <span
          class="c10"
        >
          hard
        </span>
      </div>
      <div
        class="c5"
      >
        <h3
          class="c6"
          font-size="small"
          font-weight="normal"
        >
          HTML avançado
        </h3>
        <p
          class="c7"
          color="dark"
          font-size="medium"
          font-weight="light"
        >
          Conceitos avançados de HTML
        </p>
      </div>
    </div>
    <div
      class="c2"
    >
      <div
        class="c3"
      >
        <span
          class="c4"
        >
          easy
        </span>
      </div>
      <div
        class="c5"
      >
        <h3
          class="c6"
          font-size="small"
          font-weight="normal"
        >
          UI
        </h3>
        <p
          class="c7"
          color="dark"
          font-size="medium"
          font-weight="light"
        >
          Um quiz sobre UI que vai mudar sua vida!
        </p>
      </div>
    </div>
    <div
      class="c2"
    >
      <div
        class="c8"
      >
        <span
          class="c4"
        >
          easy
        </span>
      </div>
      <div
        class="c5"
      >
        <h3
          class="c6"
          font-size="small"
          font-weight="normal"
        >
          Conceitos básicos de HTML
        </h3>
        <p
          class="c7"
          color="dark"
          font-size="medium"
          font-weight="light"
        >
          Um quiz sobre HTML que vai mudar sua vida!
        </p>
      </div>
    </div>
    <div
      class="c2"
    >
      <div
        class="c9"
      >
        <span
          class="c10"
        >
          hard
        </span>
      </div>
      <div
        class="c5"
      >
        <h3
          class="c6"
          font-size="small"
          font-weight="normal"
        >
          HTML avançado
        </h3>
        <p
          class="c7"
          color="dark"
          font-size="medium"
          font-weight="light"
        >
          Conceitos avançados de HTML
        </p>
      </div>
    </div>
    <div
      class="c2"
    >
      <div
        class="c3"
      >
        <span
          class="c4"
        >
          easy
        </span>
      </div>
      <div
        class="c5"
      >
        <h3
          class="c6"
          font-size="small"
          font-weight="normal"
        >
          UI
        </h3>
        <p
          class="c7"
          color="dark"
          font-size="medium"
          font-weight="light"
        >
          Um quiz sobre UI que vai mudar sua vida!
        </p>
      </div>
    </div>
    <div
      class="c2"
    >
      <div
        class="c8"
      >
        <span
          class="c4"
        >
          easy
        </span>
      </div>
      <div
        class="c5"
      >
        <h3
          class="c6"
          font-size="small"
          font-weight="normal"
        >
          Conceitos básicos de HTML
        </h3>
        <p
          class="c7"
          color="dark"
          font-size="medium"
          font-weight="light"
        >
          Um quiz sobre HTML que vai mudar sua vida!
        </p>
      </div>
    </div>
    <div
      class="c2"
    >
      <div
        class="c9"
      >
        <span
          class="c10"
        >
          hard
        </span>
      </div>
      <div
        class="c5"
      >
        <h3
          class="c6"
          font-size="small"
          font-weight="normal"
        >
          HTML avançado
        </h3>
        <p
          class="c7"
          color="dark"
          font-size="medium"
          font-weight="light"
        >
          Conceitos avançados de HTML
        </p>
      </div>
    </div>
  </div>
</div>
`;
