// Jest Snapshot v1, https://goo.gl/fbAQLP

exports[`<HomeNav /> should match snapshot 1`] = `
.c4 {
  width: 100%;
  max-width: 125rem;
  min-height: 100vh;
  margin: 0 auto;
  overflow-x: hidden;
  display: -webkit-box;
  display: -webkit-flex;
  display: -ms-flexbox;
  display: flex;
  -webkit-align-items: center;
  -webkit-box-align: center;
  -ms-flex-align: center;
  align-items: center;
  -webkit-box-pack: center;
  -webkit-justify-content: center;
  -ms-flex-pack: center;
  justify-content: center;
}

.c17 {
  border: 0.1rem solid #BEBAB3;
  border-radius: 1.2rem;
  width: 100%;
  height: 5.3rem;
  padding: 1.6rem;
  display: -webkit-box;
  display: -webkit-flex;
  display: -ms-flexbox;
  display: flex;
  -webkit-box-pack: justify;
  -webkit-justify-content: space-between;
  -ms-flex-pack: justify;
  justify-content: space-between;
  -webkit-align-items: center;
  -webkit-box-align: center;
  -ms-flex-align: center;
  align-items: center;
}

.c19 {
  width: 75%;
  border: none;
  font-family: inherit;
  font-weight: 400;
  font-size: 1.6rem;
  color: #78746D;
}

.c20 {
  width: 3rem;
  height: 2.5rem;
}

.c20:hover {
  cursor: default;
}

.c9 {
  color: #3C3A36;
  font-size: 4rem;
  font-weight: 700;
  line-height: 4.2rem;
}

.c0 {
  display: none;
  z-index: 2;
  position: fixed;
  top: 3rem;
  right: 3rem;
  height: 4rem;
  width: 4rem;
  color: #82327E;
  background-color: #FFF5EE;
  border: none;
}

.c0:hover {
  cursor: pointer;
}

.c2 {
  height: 12rem;
  z-index: 3;
  position: fixed;
  top: 0;
  left: 0;
  right: 0;
  background-color: #FFFFFF;
  border-bottom: 0.1rem solid #BEBAB3;
  -webkit-transition: all 300ms ease-in-out;
  transition: all 300ms ease-in-out;
}

.c2 .c3 {
  min-height: initial;
  height: 100%;
}

.c5 {
  width: 100%;
  display: -webkit-box;
  display: -webkit-flex;
  display: -ms-flexbox;
  display: flex;
  -webkit-flex-direction: row;
  -ms-flex-direction: row;
  flex-direction: row;
  -webkit-box-pack: justify;
  -webkit-justify-content: space-between;
  -ms-flex-pack: justify;
  justify-content: space-between;
  -webkit-align-items: flex-end;
  -webkit-box-align: flex-end;
  -ms-flex-align: flex-end;
  align-items: flex-end;
}

.c6 {
  display: -webkit-box;
  display: -webkit-flex;
  display: -ms-flexbox;
  display: flex;
  -webkit-flex-direction: column;
  -ms-flex-direction: column;
  flex-direction: column;
  -webkit-box-pack: end;
  -webkit-justify-content: flex-end;
  -ms-flex-pack: end;
  justify-content: flex-end;
  -webkit-align-items: flex-start;
  -webkit-box-align: flex-start;
  -ms-flex-align: flex-start;
  align-items: flex-start;
}

.c6 .c8 {
  text-align: center;
}

.c10 {
  display: -webkit-box;
  display: -webkit-flex;
  display: -ms-flexbox;
  display: flex;
  -webkit-flex-direction: row;
  -ms-flex-direction: row;
  flex-direction: row;
  -webkit-align-items: flex-end;
  -webkit-box-align: flex-end;
  -ms-flex-align: flex-end;
  align-items: flex-end;
  gap: 3rem;
}

.c10 .c18 {
  width: 40.4rem;
}

.c14 {
  display: block;
  text-align: center;
  color: #3C3A36;
  font-weight: 400;
  font-size: 1.6rem;
  line-height: 2.1rem;
}

.c14:hover {
  cursor: pointer;
}

.c15 {
  display: none;
  color: #3C3A36;
  text-align: center;
  font-weight: 400;
  font-size: 1.6rem;
  line-height: 2.1rem;
}

.c15:hover {
  cursor: pointer;
}

.c1 {
  display: inline-block;
  vertical-align: middle;
  overflow: hidden;
}

.c7 {
  font-size: 1.6rem;
  font-weight: 400;
  color: #3C3A36;
  text-align: center;
  line-height: 2.6rem;
}

.c11 {
  visibility: hidden;
  opacity: 0;
  -webkit-transition: all 300ms ease-in-out;
  transition: all 300ms ease-in-out;
  position: absolute;
  top: 10rem;
  right: 38%;
  width: 14.5rem;
  height: 15.2rem;
  background-color: #FFFFFF;
  border-radius: 0.8rem;
  box-shadow: 0rem 0.4rem 0.4rem rgba(0,0,0,0.25);
  list-style: none;
}

.c12 {
  width: 100%;
  padding: 1rem 4.5rem;
  border-bottom: 0.1rem solid #BEBAB3;
}

.c12:last-child {
  border-bottom: none;
}

.c12:hover {
  cursor: pointer;
}

.c13 {
  color: #000000;
  text-align: center;
  font-size: 1.6rem;
  font-weight: 500;
  line-height: 1.8rem;
}

@media (max-width:785px) {
  .c0 {
    display: block;
  }
}

@media (max-width:1300px) {
  .c2 .c3 {
    padding: 0 3rem;
  }
}

@media (max-width:785px) {
  .c2 {
    height: 100vh;
    bottom: 0;
    border-bottom: none;
    visibility: hidden;
    opacity: 0;
  }
}

@media (max-width:785px) {
  .c5 {
    height: 100%;
    -webkit-flex-direction: column;
    -ms-flex-direction: column;
    flex-direction: column;
    -webkit-align-items: center;
    -webkit-box-align: center;
    -ms-flex-align: center;
    align-items: center;
    -webkit-box-pack: center;
    -webkit-justify-content: center;
    -ms-flex-pack: center;
    justify-content: center;
    gap: 7.5rem;
  }
}

@media (max-width:1130px) {
  .c6 .c8 {
    font-size: 3.2rem;
    margin-right: 2rem;
  }
}

@media (max-width:974px) {
  .c6 .c8 {
    font-size: 2.4rem;
  }
}

@media (max-width:785px) {
  .c6 {
    -webkit-box-pack: center;
    -webkit-justify-content: center;
    -ms-flex-pack: center;
    justify-content: center;
    -webkit-align-items: center;
    -webkit-box-align: center;
    -ms-flex-align: center;
    align-items: center;
  }

  .c6 .c8 {
    margin-right: 0;
  }
}

@media (max-width:1130px) {
  .c10 {
    -webkit-align-items: center;
    -webkit-box-align: center;
    -ms-flex-align: center;
    align-items: center;
  }

  .c10 .c18 {
    width: 30rem;
  }
}

@media (max-width:974px) {
  .c10 .c18 {
    width: 22.5rem;
  }
}

@media (max-width:785px) {
  .c10 {
    -webkit-flex-direction: column;
    -ms-flex-direction: column;
    flex-direction: column;
    -webkit-box-pack: center;
    -webkit-justify-content: center;
    -ms-flex-pack: center;
    justify-content: center;
    -webkit-align-items: center;
    -webkit-box-align: center;
    -ms-flex-align: center;
    align-items: center;
  }

  .c10 .c16,
  .c10 .c18,
  .c10 .dropdown-button {
    display: none;
  }
}

@media (max-width:785px) {
  .c14 {
    font-size: 1.8rem;
  }
}

@media (max-width:785px) {
  .c15 {
    display: block;
    font-size: 1.8rem;
  }
}

@media (max-width:785px) {
  .c11 {
    visibility: hidden;
    opacity: 0;
  }
}

<div>
  <button
    aria-label="Open/Close menu"
    class="c0"
  >
    <svg
      aria-hidden="true"
      aria-label="Open menu"
      class="c1"
      fill="currentColor"
      focusable="false"
      viewBox="0 0 24 24"
      xmlns="http://www.w3.org/2000/svg"
    >
      <path
        d="M3 18h18v-2H3v2zm0-5h18v-2H3v2zm0-7v2h18V6H3z"
      />
    </svg>
  </button>
  <div
    class="c2"
  >
    <div
      class="c3 c4"
    >
      <div
        class="c5"
      >
        <div
          class="c6"
        >
          <p
            class="c7"
            color="dark"
            font-size="large"
            font-weight="light"
          >
            Olá,
          </p>
          <h1
            class="c8 c9"
            font-size="large"
            font-weight="bold"
          >
            username
          </h1>
        </div>
        <nav
          aria-label="main menu"
          class="c10"
        >
          <ul
            class="c11"
          >
            <li
              class="c12"
            >
              <p
                class="c13"
              >
                #HTML
              </p>
            </li>
            <li
              class="c12"
            >
              <p
                class="c13"
              >
                #UX
              </p>
            </li>
            <li
              class="c12"
            >
              <p
                class="c13"
              >
                #Swift
              </p>
            </li>
            <li
              class="c12"
            >
              <p
                class="c13"
              >
                #UI
              </p>
            </li>
          </ul>
          <a
            class="c14"
          >
            Histórico
          </a>
          <span
            class="c14 dropdown-button"
          >
            Temas
          </span>
          <p
            class="c15 mobile-quiz-search"
          >
            #HTML
          </p>
          <p
            class="c15 mobile-quiz-search"
          >
            #UX
          </p>
          <p
            class="c15 mobile-quiz-search"
          >
            #Swift
          </p>
          <p
            class="c15 mobile-quiz-search"
          >
            #UI
          </p>
          <div
            class="c16 c17"
          >
            <input
              class="c18 c19"
              placeholder="Pesquisar quiz"
              required=""
              type="search"
            />
            <img
              alt="search input icon"
              class="c20"
              src="assets/images/search-icon.svg"
            />
          </div>
        </nav>
      </div>
    </div>
  </div>
</div>
`;
